CREATE FUNCTION chk(val text, rec record) returns bool AS
$$
BEGIN
    return true;
END;
$$ language plpgsql;
ALTER TABLE coll ADD CONSTRAINT coll_check_constraint
    CHECK ( (val COLLATE "en_GB" > '') OR (enfres > ('', '')) );
ALTER TABLE coll ADD CONSTRAINT coll_check_fct_constraint
    CHECK ( chk(val, coll.*) );
ALTER TABLE coll ADD CONSTRAINT coll_unique_constraint
    UNIQUE (val, enfres);
SELECT con.conname, c.collname
FROM pg_constraint con,
LATERAL pg_collation_constraint_dependencies(con.oid) as d(o)
JOIN pg_collation c ON d.o = c.oid
WHERE con.conrelid = 'coll'::regclass
ORDER BY con.conname, c.collname;
          conname          | collname 
---------------------------+----------
 coll_check_constraint     | default
 coll_check_constraint     | en_GB
 coll_check_constraint     | en_US
 coll_check_constraint     | es_ES
 coll_check_constraint     | fr_FR
 coll_check_fct_constraint | default
 coll_check_fct_constraint | en_US
 coll_check_fct_constraint | es_ES
 coll_check_fct_constraint | fr_FR
 coll_unique_constraint    | default
 coll_unique_constraint    | en_US
 coll_unique_constraint    | es_ES
 coll_unique_constraint    | fr_FR
(13 rows)

