CREATE FUNCTION chk(val text, rec record) returns bool AS
$$
BEGIN
    return true;
END;
$$ language plpgsql;
ALTER TABLE coll ADD CONSTRAINT coll_check_constraint
    CHECK ( (val COLLATE "en_GB" > '') OR (enfres > ('', '')) );
ALTER TABLE coll ADD CONSTRAINT coll_check_fct_constraint
    CHECK ( chk(val, coll.*) );
ALTER TABLE coll ADD CONSTRAINT coll_unique_constraint
    UNIQUE (val, enfres);
SELECT con.conname, c.collname
FROM pg_constraint con,
LATERAL pg_collation_constraint_dependencies(con.oid) as d(o)
JOIN pg_collation c ON d.o = c.oid
WHERE con.conrelid = 'coll'::regclass
ORDER BY con.conname COLLATE "C", c.collname COLLATE "C";
          conname          | collname 
---------------------------+----------
 coll_check_constraint     | default
 coll_check_constraint     | en-x-icu
 coll_check_constraint     | en_GB
 coll_check_constraint     | es-x-icu
 coll_check_constraint     | fr-x-icu
 coll_check_fct_constraint | af-x-icu
 coll_check_fct_constraint | default
 coll_check_fct_constraint | en-x-icu
 coll_check_fct_constraint | es-x-icu
 coll_check_fct_constraint | fr-x-icu
 coll_unique_constraint    | default
 coll_unique_constraint    | en-x-icu
 coll_unique_constraint    | es-x-icu
 coll_unique_constraint    | fr-x-icu
(14 rows)

