-- make sure we don't track collations when the index doesn't depend on it
CREATE DOMAIN d_en AS text COLLATE "en_GB";
ALTER TABLE coll ADD val_en_us text COLLATE "en_US";
CREATE INDEX coll_collate_1 ON coll (val COLLATE "en_GB");
CREATE INDEX coll_collate_2 ON coll (val_en_us COLLATE "en_GB");
CREATE INDEX coll_collate_3 ON coll ((val::d_en), (val_en_us::d_en));
-- we still have to keep underlying collations for expression as the expression
-- itself might depends on those
CREATE INDEX coll_collate_4 ON coll (((val_en_us || '')::d_en));
SELECT i.relname, c.collname
FROM pg_catalog.pg_class i,
LATERAL pg_collation_index_dependencies(i.oid) as d(o)
JOIN pg_collation c ON d.o = c.oid
WHERE i.relname LIKE 'coll_collate_%' AND i.relkind = 'i'
ORDER BY i.relname, c.collname;
    relname     | collname 
----------------+----------
 coll_collate_1 | en_GB
 coll_collate_2 | en_GB
 coll_collate_3 | en_GB
 coll_collate_4 | default
 coll_collate_4 | en_GB
 coll_collate_4 | en_US
(6 rows)

